2026-03-16 16:51:10,950 - [WSL_APP] - 2026-03-16 16:21:46,238 - INFO - Waiting for ROS 2 services...
2026-03-16 16:51:10,950 - [WSL_APP] - 2026-03-16 16:21:47,240 - INFO - All ROS 2 services are connected.
2026-03-16 16:51:10,953 - [WSL_APP] - 2026-03-16 16:40:58,624 - INFO - Waiting for ROS 2 services...
2026-03-16 16:51:10,953 - [WSL_APP] - 2026-03-16 16:40:58,624 - INFO - All ROS 2 services are connected.
2026-03-16 16:51:10,953 - [WSL_APP] - 2026-03-16 16:45:48,282 - INFO - Waiting for ROS 2 services...
2026-03-16 16:51:10,953 - [WSL_APP] - 2026-03-16 16:45:48,283 - INFO - All ROS 2 services are connected.
2026-03-16 16:51:13,019 - [WIN_APP] - Health: {'ok': True}
2026-03-16 16:51:13,019 - [WIN_APP] - Initialising robot
2026-03-16 16:51:15,099 - [WSL_APP] - 2026-03-16 16:51:15,047 - INFO - Initialization request (Model: vs060, Group: arm)
2026-03-16 16:51:15,207 - [WSL_APP] - 2026-03-16 16:51:15,167 - INFO - Initialization successful: Initialized with model=vs060, group=arm, vel_scale=0.2, accel_scale=0.2, plan_time=10, plan_attempts=20, replan=true,planner_id=RRTConnect, planning_frame=world, ee_link=tool_link
2026-03-16 16:51:17,197 - [WSL_APP] - 2026-03-16 16:51:17,149 - INFO - Requesting IK solver info from C++ node...
2026-03-16 16:51:17,307 - [WSL_APP] - 2026-03-16 16:51:17,156 - INFO - Current IK solver plugin: pick_ik/PickIkPlugin (short name: pick_ik)
2026-03-16 16:51:19,277 - [WSL_APP] - 2026-03-16 16:51:19,137 - INFO - Scaling change request (Vel: 1.0, Acc: 1.0)
2026-03-16 16:51:19,278 - [WSL_APP] - 2026-03-16 16:51:19,142 - INFO - Scaling change successful: Scaling updated: velocity_scale=1, accel_scale=1. This will be used for all subsequent motions
2026-03-16 16:51:21,367 - [WSL_APP] - 2026-03-16 16:51:21,138 - INFO - Sending ADD for mesh box1 (Path: file:///mnt/c/Users/33648/Desktop/STAGE_ROS/card_storage/boitier.STL)...
2026-03-16 16:51:23,447 - [WSL_APP] - 2026-03-16 16:51:23,172 - INFO - Sending ADD for mesh box2 (Path: file:///mnt/c/Users/33648/Desktop/STAGE_ROS/card_storage/boitier.STL)...
2026-03-16 16:51:25,537 - [WSL_APP] - 2026-03-16 16:51:25,222 - INFO - Virtual cage modification request (Enable=True)
2026-03-16 16:51:25,538 - [WSL_APP] - 2026-03-16 16:51:25,227 - INFO - Virtual cage modification successful: Virtual cage successfully activated
2026-03-16 16:51:29,537 - [WSL_APP] - 2026-03-16 16:51:29,186 - INFO - Joint movement request: [0.0, 0.0, 1.57, 0.0, 1.57, 0.0] (Relative=False, Execute=True)
2026-03-16 16:51:29,621 - [WIN_APP] - Testing plate : 1
2026-03-16 16:51:29,647 - [WSL_APP] - 2026-03-16 16:51:29,324 - INFO - Joint movement successful: Joint trajectory executed successfully (took 0.075352 seconds).
2026-03-16 16:51:31,737 - [WSL_APP] - 2026-03-16 16:51:32,224 - INFO - Sending ADD for box DESKO GmbH SmartCard Reader 0_Antenna top (Glass): center to C++ node...
2026-03-16 16:51:33,717 - [WSL_APP] - 2026-03-16 16:51:34,241 - INFO - Sending ADD for box DESKO GmbH SmartCard Reader 0_Antenna front (PVC): center to C++ node...
2026-03-16 16:51:35,747 - [WIN_APP] - Testing reader: DESKO GmbH SmartCard Reader 0
2026-03-16 16:51:35,747 - [WIN_APP] - Robot is going to take card: 0
2026-03-16 16:51:35,812 - [WSL_APP] - 2026-03-16 16:51:36,246 - INFO - Sending ADD for box ACS ACR1251 1S CL Reader PICC 0_Center to C++ node...
2026-03-16 16:51:37,781 - [WSL_APP] - 2026-03-16 16:51:38,257 - INFO - Request for movement received : X=0.2581, Y=0.136, Z=0.305 (Relative=False, Cartesian=True, Execute=True)
2026-03-16 16:51:38,557 - [WSL_APP] - 2026-03-16 16:51:38,930 - INFO - Successful movement : Cartesian path executed.
2026-03-16 16:51:40,527 - [WSL_APP] - 2026-03-16 16:51:40,905 - INFO - Request for movement received : X=0.0, Y=0.0, Z=-0.3 (Relative=True, Cartesian=True, Execute=True)
2026-03-16 16:51:41,077 - [WSL_APP] - 2026-03-16 16:51:41,421 - ERROR - Failed movement ! Cause returned by MoveIt : Impossible Cartesian path (collision or singularity) Fraction: 0.883333
2026-03-16 16:51:43,141 - [WSL_APP] - 2026-03-16 16:51:43,307 - INFO - Request for movement received : X=0.0, Y=0.0, Z=0.3 (Relative=True, Cartesian=True, Execute=True)
2026-03-16 16:51:43,634 - [WIN_APP] - Testing card 0 on position: Antenna top (Glass): center of reader: DESKO GmbH SmartCard Reader 0
2026-03-16 16:51:43,687 - [WSL_APP] - 2026-03-16 16:51:43,828 - ERROR - Failed movement ! Cause returned by MoveIt : Impossible Cartesian path (collision or singularity) Fraction: 0.770492
2026-03-16 16:51:45,777 - [WSL_APP] - 2026-03-16 16:51:45,723 - INFO - Calculating approach pose: target=(0.488, 0.086, 0.121), z_offset=0.12m
2026-03-16 16:51:45,777 - [WSL_APP] - 2026-03-16 16:51:45,724 - INFO - Approach position computed: x=0.488, y=0.086, z=0.241
2026-03-16 16:51:45,777 - [WSL_APP] - 2026-03-16 16:51:45,724 - INFO - Sending approach request to ROS C++ node...
2026-03-16 16:51:46,546 - [WSL_APP] - 2026-03-16 16:51:46,519 - INFO - Approach movement successful: Cartesian path executed.
2026-03-16 16:51:48,617 - [WSL_APP] - 2026-03-16 16:51:48,512 - INFO - Request for movement received : X=0.0, Y=0.0, Z=0.12 (Relative=True, Cartesian=True, Execute=True)
2026-03-16 16:51:49,165 - [WSL_APP] - 2026-03-16 16:51:49,069 - INFO - Successful movement : Cartesian path executed.
2026-03-16 16:51:51,147 - [WSL_APP] - 2026-03-16 16:51:51,056 - INFO - Request for movement received : X=0.0, Y=0.0, Z=-0.12 (Relative=True, Cartesian=True, Execute=True)
2026-03-16 16:51:51,640 - [WIN_APP] - Testing card 0 on position: Antenna front (PVC): center of reader: DESKO GmbH SmartCard Reader 0
2026-03-16 16:51:51,698 - [WSL_APP] - 2026-03-16 16:51:51,561 - INFO - Successful movement : Cartesian path executed.
2026-03-16 16:51:53,677 - [WSL_APP] - 2026-03-16 16:51:53,543 - INFO - Calculating approach pose: target=(0.435, 0.044, 0.086), z_offset=0.12m
2026-03-16 16:51:53,677 - [WSL_APP] - 2026-03-16 16:51:53,543 - INFO - Approach position computed: x=0.363, y=-0.015, z=0.161
2026-03-16 16:51:53,677 - [WSL_APP] - 2026-03-16 16:51:53,544 - INFO - Sending approach request to ROS C++ node...
2026-03-16 16:51:54,560 - [WSL_APP] - 2026-03-16 16:51:54,364 - INFO - Approach movement successful: Cartesian path executed.
2026-03-16 16:51:56,617 - [WSL_APP] - 2026-03-16 16:51:56,349 - INFO - Request for movement received : X=0.0, Y=0.0, Z=0.12 (Relative=True, Cartesian=True, Execute=True)
2026-03-16 16:51:56,947 - [WSL_APP] - 2026-03-16 16:51:56,711 - INFO - Successful movement : Cartesian path executed.
2026-03-16 16:51:59,017 - [WSL_APP] - 2026-03-16 16:51:58,706 - INFO - Request for movement received : X=0.0, Y=0.0, Z=-0.12 (Relative=True, Cartesian=True, Execute=True)
2026-03-16 16:51:59,349 - [WIN_APP] - Robot is going to release card: 0
2026-03-16 16:51:59,458 - [WSL_APP] - 2026-03-16 16:51:59,114 - INFO - Successful movement : Cartesian path executed.
2026-03-16 16:52:01,410 - [WSL_APP] - 2026-03-16 16:52:01,109 - INFO - Request for movement received : X=0.2618, Y=-0.1192, Z=0.305 (Relative=False, Cartesian=True, Execute=True)
2026-03-16 16:52:02,288 - [WSL_APP] - 2026-03-16 16:52:01,919 - INFO - Successful movement : Cartesian path executed.
2026-03-16 16:52:04,247 - [WSL_APP] - 2026-03-16 16:52:03,915 - INFO - Request for movement received : X=0.0, Y=0.0, Z=-0.3 (Relative=True, Cartesian=True, Execute=True)
2026-03-16 16:52:05,237 - [WSL_APP] - 2026-03-16 16:52:05,711 - INFO - Successful movement : Cartesian path executed.
2026-03-16 16:52:07,296 - [WSL_APP] - 2026-03-16 16:52:07,732 - INFO - Request for movement received : X=0.0, Y=0.0, Z=0.3 (Relative=True, Cartesian=True, Execute=True)
2026-03-16 16:52:07,880 - [WIN_APP] - Robot is going to take card: 1
2026-03-16 16:52:07,957 - [WSL_APP] - 2026-03-16 16:52:08,404 - INFO - Successful movement : Cartesian path executed.
2026-03-16 16:52:09,934 - [WSL_APP] - 2026-03-16 16:52:10,422 - INFO - Request for movement received : X=0.2581, Y=0.136, Z=0.305 (Relative=False, Cartesian=True, Execute=True)
2026-03-16 16:52:10,487 - [WSL_APP] - 2026-03-16 16:52:10,937 - INFO - Successful movement : Cartesian path executed.
2026-03-16 16:52:12,547 - [WSL_APP] - 2026-03-16 16:52:12,951 - INFO - Request for movement received : X=0.0, Y=0.0, Z=-0.3 (Relative=True, Cartesian=True, Execute=True)
2026-03-16 16:52:13,758 - [WSL_APP] - 2026-03-16 16:52:14,122 - INFO - Successful movement : Cartesian path executed.
2026-03-16 16:52:15,847 - [WSL_APP] - 2026-03-16 16:52:15,987 - INFO - Request for movement received : X=0.0, Y=0.0, Z=0.3 (Relative=True, Cartesian=True, Execute=True)
2026-03-16 16:52:16,495 - [WIN_APP] - Testing card 1 on position: Antenna top (Glass): center of reader: DESKO GmbH SmartCard Reader 0
2026-03-16 16:52:16,507 - [WSL_APP] - 2026-03-16 16:52:16,659 - INFO - Successful movement : Cartesian path executed.
2026-03-16 16:52:18,578 - [WSL_APP] - 2026-03-16 16:52:18,559 - INFO - Calculating approach pose: target=(0.488, 0.086, 0.121), z_offset=0.12m
2026-03-16 16:52:18,578 - [WSL_APP] - 2026-03-16 16:52:18,559 - INFO - Approach position computed: x=0.488, y=0.086, z=0.241
2026-03-16 16:52:18,578 - [WSL_APP] - 2026-03-16 16:52:18,560 - INFO - Sending approach request to ROS C++ node...
2026-03-16 16:52:19,342 - [WSL_APP] - 2026-03-16 16:52:19,320 - INFO - Approach movement successful: Cartesian path executed.
2026-03-16 16:52:21,415 - [WSL_APP] - 2026-03-16 16:52:21,306 - INFO - Request for movement received : X=0.0, Y=0.0, Z=0.12 (Relative=True, Cartesian=True, Execute=True)
2026-03-16 16:52:21,967 - [WSL_APP] - 2026-03-16 16:52:21,910 - INFO - Successful movement : Cartesian path executed.
2026-03-16 16:52:24,057 - [WSL_APP] - 2026-03-16 16:52:23,917 - INFO - Request for movement received : X=0.0, Y=0.0, Z=-0.12 (Relative=True, Cartesian=True, Execute=True)
2026-03-16 16:52:24,557 - [WIN_APP] - Testing card 1 on position: Antenna front (PVC): center of reader: DESKO GmbH SmartCard Reader 0
2026-03-16 16:52:24,607 - [WSL_APP] - 2026-03-16 16:52:24,470 - INFO - Successful movement : Cartesian path executed.
2026-03-16 16:52:26,597 - [WSL_APP] - 2026-03-16 16:52:26,460 - INFO - Calculating approach pose: target=(0.435, 0.044, 0.086), z_offset=0.12m
2026-03-16 16:52:26,597 - [WSL_APP] - 2026-03-16 16:52:26,460 - INFO - Approach position computed: x=0.363, y=-0.015, z=0.161
2026-03-16 16:52:26,597 - [WSL_APP] - 2026-03-16 16:52:26,460 - INFO - Sending approach request to ROS C++ node...
2026-03-16 16:52:27,493 - [WSL_APP] - 2026-03-16 16:52:27,327 - INFO - Approach movement successful: Cartesian path executed.
2026-03-16 16:52:29,577 - [WSL_APP] - 2026-03-16 16:52:29,321 - INFO - Request for movement received : X=0.0, Y=0.0, Z=0.12 (Relative=True, Cartesian=True, Execute=True)
2026-03-16 16:52:30,020 - [WSL_APP] - 2026-03-16 16:52:29,742 - INFO - Successful movement : Cartesian path executed.
2026-03-16 16:52:32,017 - [WSL_APP] - 2026-03-16 16:52:31,734 - INFO - Request for movement received : X=0.0, Y=0.0, Z=-0.12 (Relative=True, Cartesian=True, Execute=True)
2026-03-16 16:52:32,348 - [WSL_APP] - 2026-03-16 16:52:32,099 - INFO - Successful movement : Cartesian path executed.
2026-03-16 16:52:32,349 - [WIN_APP] - Robot don't release the card to gain time
2026-03-16 16:52:32,351 - [WIN_APP] - Testing reader: ACS ACR1251 1S CL Reader PICC 0
2026-03-16 16:52:32,351 - [WIN_APP] - Testing card 0 on position: Center of reader: ACS ACR1251 1S CL Reader PICC 0
2026-03-16 16:53:49,720 - [WSL_APP] - 2026-03-16 16:21:46,238 - INFO - Waiting for ROS 2 services...
2026-03-16 16:53:49,720 - [WSL_APP] - 2026-03-16 16:21:47,240 - INFO - All ROS 2 services are connected.
2026-03-16 16:53:49,720 - [WSL_APP] - 2026-03-16 16:40:58,624 - INFO - Waiting for ROS 2 services...
2026-03-16 16:53:49,720 - [WSL_APP] - 2026-03-16 16:40:58,624 - INFO - All ROS 2 services are connected.
2026-03-16 16:53:49,720 - [WSL_APP] - 2026-03-16 16:45:48,282 - INFO - Waiting for ROS 2 services...
2026-03-16 16:53:49,722 - [WSL_APP] - 2026-03-16 16:45:48,283 - INFO - All ROS 2 services are connected.
2026-03-16 16:53:49,722 - [WSL_APP] - 2026-03-16 16:51:15,047 - INFO - Initialization request (Model: vs060, Group: arm)
2026-03-16 16:53:49,722 - [WSL_APP] - 2026-03-16 16:51:15,167 - INFO - Initialization successful: Initialized with model=vs060, group=arm, vel_scale=0.2, accel_scale=0.2, plan_time=10, plan_attempts=20, replan=true,planner_id=RRTConnect, planning_frame=world, ee_link=tool_link
2026-03-16 16:53:49,722 - [WSL_APP] - 2026-03-16 16:51:17,149 - INFO - Requesting IK solver info from C++ node...
2026-03-16 16:53:49,722 - [WSL_APP] - 2026-03-16 16:51:17,156 - INFO - Current IK solver plugin: pick_ik/PickIkPlugin (short name: pick_ik)
2026-03-16 16:53:49,722 - [WSL_APP] - 2026-03-16 16:51:19,137 - INFO - Scaling change request (Vel: 1.0, Acc: 1.0)
2026-03-16 16:53:49,722 - [WSL_APP] - 2026-03-16 16:51:19,142 - INFO - Scaling change successful: Scaling updated: velocity_scale=1, accel_scale=1. This will be used for all subsequent motions
2026-03-16 16:53:49,722 - [WSL_APP] - 2026-03-16 16:51:21,138 - INFO - Sending ADD for mesh box1 (Path: file:///mnt/c/Users/33648/Desktop/STAGE_ROS/card_storage/boitier.STL)...
2026-03-16 16:53:49,722 - [WSL_APP] - 2026-03-16 16:51:23,172 - INFO - Sending ADD for mesh box2 (Path: file:///mnt/c/Users/33648/Desktop/STAGE_ROS/card_storage/boitier.STL)...
2026-03-16 16:53:49,722 - [WSL_APP] - 2026-03-16 16:51:25,222 - INFO - Virtual cage modification request (Enable=True)
2026-03-16 16:53:49,724 - [WSL_APP] - 2026-03-16 16:51:25,227 - INFO - Virtual cage modification successful: Virtual cage successfully activated
2026-03-16 16:53:49,724 - [WSL_APP] - 2026-03-16 16:51:29,186 - INFO - Joint movement request: [0.0, 0.0, 1.57, 0.0, 1.57, 0.0] (Relative=False, Execute=True)
2026-03-16 16:53:49,724 - [WSL_APP] - 2026-03-16 16:51:29,324 - INFO - Joint movement successful: Joint trajectory executed successfully (took 0.075352 seconds).
2026-03-16 16:53:49,724 - [WSL_APP] - 2026-03-16 16:51:32,224 - INFO - Sending ADD for box DESKO GmbH SmartCard Reader 0_Antenna top (Glass): center to C++ node...
2026-03-16 16:53:49,724 - [WSL_APP] - 2026-03-16 16:51:34,241 - INFO - Sending ADD for box DESKO GmbH SmartCard Reader 0_Antenna front (PVC): center to C++ node...
2026-03-16 16:53:49,724 - [WSL_APP] - 2026-03-16 16:51:36,246 - INFO - Sending ADD for box ACS ACR1251 1S CL Reader PICC 0_Center to C++ node...
2026-03-16 16:53:49,724 - [WSL_APP] - 2026-03-16 16:51:38,257 - INFO - Request for movement received : X=0.2581, Y=0.136, Z=0.305 (Relative=False, Cartesian=True, Execute=True)
2026-03-16 16:53:49,726 - [WSL_APP] - 2026-03-16 16:51:38,930 - INFO - Successful movement : Cartesian path executed.
2026-03-16 16:53:49,726 - [WSL_APP] - 2026-03-16 16:51:40,905 - INFO - Request for movement received : X=0.0, Y=0.0, Z=-0.3 (Relative=True, Cartesian=True, Execute=True)
2026-03-16 16:53:49,726 - [WSL_APP] - 2026-03-16 16:51:41,421 - ERROR - Failed movement ! Cause returned by MoveIt : Impossible Cartesian path (collision or singularity) Fraction: 0.883333
2026-03-16 16:53:49,726 - [WSL_APP] - 2026-03-16 16:51:43,307 - INFO - Request for movement received : X=0.0, Y=0.0, Z=0.3 (Relative=True, Cartesian=True, Execute=True)
2026-03-16 16:53:49,726 - [WSL_APP] - 2026-03-16 16:51:43,828 - ERROR - Failed movement ! Cause returned by MoveIt : Impossible Cartesian path (collision or singularity) Fraction: 0.770492
2026-03-16 16:53:49,726 - [WSL_APP] - 2026-03-16 16:51:45,723 - INFO - Calculating approach pose: target=(0.488, 0.086, 0.121), z_offset=0.12m
2026-03-16 16:53:49,726 - [WSL_APP] - 2026-03-16 16:51:45,724 - INFO - Approach position computed: x=0.488, y=0.086, z=0.241
2026-03-16 16:53:49,726 - [WSL_APP] - 2026-03-16 16:51:45,724 - INFO - Sending approach request to ROS C++ node...
2026-03-16 16:53:49,726 - [WSL_APP] - 2026-03-16 16:51:46,519 - INFO - Approach movement successful: Cartesian path executed.
2026-03-16 16:53:49,726 - [WSL_APP] - 2026-03-16 16:51:48,512 - INFO - Request for movement received : X=0.0, Y=0.0, Z=0.12 (Relative=True, Cartesian=True, Execute=True)
2026-03-16 16:53:49,726 - [WSL_APP] - 2026-03-16 16:51:49,069 - INFO - Successful movement : Cartesian path executed.
2026-03-16 16:53:49,726 - [WSL_APP] - 2026-03-16 16:51:51,056 - INFO - Request for movement received : X=0.0, Y=0.0, Z=-0.12 (Relative=True, Cartesian=True, Execute=True)
2026-03-16 16:53:49,726 - [WSL_APP] - 2026-03-16 16:51:51,561 - INFO - Successful movement : Cartesian path executed.
2026-03-16 16:53:49,726 - [WSL_APP] - 2026-03-16 16:51:53,543 - INFO - Calculating approach pose: target=(0.435, 0.044, 0.086), z_offset=0.12m
2026-03-16 16:53:49,726 - [WSL_APP] - 2026-03-16 16:51:53,543 - INFO - Approach position computed: x=0.363, y=-0.015, z=0.161
2026-03-16 16:53:49,726 - [WSL_APP] - 2026-03-16 16:51:53,544 - INFO - Sending approach request to ROS C++ node...
2026-03-16 16:53:49,726 - [WSL_APP] - 2026-03-16 16:51:54,364 - INFO - Approach movement successful: Cartesian path executed.
2026-03-16 16:53:49,726 - [WSL_APP] - 2026-03-16 16:51:56,349 - INFO - Request for movement received : X=0.0, Y=0.0, Z=0.12 (Relative=True, Cartesian=True, Execute=True)
2026-03-16 16:53:49,726 - [WSL_APP] - 2026-03-16 16:51:56,711 - INFO - Successful movement : Cartesian path executed.
2026-03-16 16:53:49,726 - [WSL_APP] - 2026-03-16 16:51:58,706 - INFO - Request for movement received : X=0.0, Y=0.0, Z=-0.12 (Relative=True, Cartesian=True, Execute=True)
2026-03-16 16:53:49,726 - [WSL_APP] - 2026-03-16 16:51:59,114 - INFO - Successful movement : Cartesian path executed.
2026-03-16 16:53:49,726 - [WSL_APP] - 2026-03-16 16:52:01,109 - INFO - Request for movement received : X=0.2618, Y=-0.1192, Z=0.305 (Relative=False, Cartesian=True, Execute=True)
2026-03-16 16:53:49,726 - [WSL_APP] - 2026-03-16 16:52:01,919 - INFO - Successful movement : Cartesian path executed.
2026-03-16 16:53:49,726 - [WSL_APP] - 2026-03-16 16:52:03,915 - INFO - Request for movement received : X=0.0, Y=0.0, Z=-0.3 (Relative=True, Cartesian=True, Execute=True)
2026-03-16 16:53:49,726 - [WSL_APP] - 2026-03-16 16:52:05,711 - INFO - Successful movement : Cartesian path executed.
2026-03-16 16:53:49,726 - [WSL_APP] - 2026-03-16 16:52:07,732 - INFO - Request for movement received : X=0.0, Y=0.0, Z=0.3 (Relative=True, Cartesian=True, Execute=True)
2026-03-16 16:53:49,726 - [WSL_APP] - 2026-03-16 16:52:08,404 - INFO - Successful movement : Cartesian path executed.
2026-03-16 16:53:49,726 - [WSL_APP] - 2026-03-16 16:52:10,422 - INFO - Request for movement received : X=0.2581, Y=0.136, Z=0.305 (Relative=False, Cartesian=True, Execute=True)
2026-03-16 16:53:49,726 - [WSL_APP] - 2026-03-16 16:52:10,937 - INFO - Successful movement : Cartesian path executed.
2026-03-16 16:53:49,726 - [WSL_APP] - 2026-03-16 16:52:12,951 - INFO - Request for movement received : X=0.0, Y=0.0, Z=-0.3 (Relative=True, Cartesian=True, Execute=True)
2026-03-16 16:53:49,726 - [WSL_APP] - 2026-03-16 16:52:14,122 - INFO - Successful movement : Cartesian path executed.
2026-03-16 16:53:49,726 - [WSL_APP] - 2026-03-16 16:52:15,987 - INFO - Request for movement received : X=0.0, Y=0.0, Z=0.3 (Relative=True, Cartesian=True, Execute=True)
2026-03-16 16:53:49,726 - [WSL_APP] - 2026-03-16 16:52:16,659 - INFO - Successful movement : Cartesian path executed.
2026-03-16 16:53:49,726 - [WSL_APP] - 2026-03-16 16:52:18,559 - INFO - Calculating approach pose: target=(0.488, 0.086, 0.121), z_offset=0.12m
2026-03-16 16:53:49,726 - [WSL_APP] - 2026-03-16 16:52:18,559 - INFO - Approach position computed: x=0.488, y=0.086, z=0.241
2026-03-16 16:53:49,726 - [WSL_APP] - 2026-03-16 16:52:18,560 - INFO - Sending approach request to ROS C++ node...
2026-03-16 16:53:49,726 - [WSL_APP] - 2026-03-16 16:52:19,320 - INFO - Approach movement successful: Cartesian path executed.
2026-03-16 16:53:49,726 - [WSL_APP] - 2026-03-16 16:52:21,306 - INFO - Request for movement received : X=0.0, Y=0.0, Z=0.12 (Relative=True, Cartesian=True, Execute=True)
2026-03-16 16:53:49,726 - [WSL_APP] - 2026-03-16 16:52:21,910 - INFO - Successful movement : Cartesian path executed.
2026-03-16 16:53:49,726 - [WSL_APP] - 2026-03-16 16:52:23,917 - INFO - Request for movement received : X=0.0, Y=0.0, Z=-0.12 (Relative=True, Cartesian=True, Execute=True)
2026-03-16 16:53:49,726 - [WSL_APP] - 2026-03-16 16:52:24,470 - INFO - Successful movement : Cartesian path executed.
2026-03-16 16:53:49,726 - [WSL_APP] - 2026-03-16 16:52:26,460 - INFO - Calculating approach pose: target=(0.435, 0.044, 0.086), z_offset=0.12m
2026-03-16 16:53:49,726 - [WSL_APP] - 2026-03-16 16:52:26,460 - INFO - Approach position computed: x=0.363, y=-0.015, z=0.161
2026-03-16 16:53:49,726 - [WSL_APP] - 2026-03-16 16:52:26,460 - INFO - Sending approach request to ROS C++ node...
2026-03-16 16:53:49,726 - [WSL_APP] - 2026-03-16 16:52:27,327 - INFO - Approach movement successful: Cartesian path executed.
2026-03-16 16:53:49,726 - [WSL_APP] - 2026-03-16 16:52:29,321 - INFO - Request for movement received : X=0.0, Y=0.0, Z=0.12 (Relative=True, Cartesian=True, Execute=True)
2026-03-16 16:53:49,726 - [WSL_APP] - 2026-03-16 16:52:29,742 - INFO - Successful movement : Cartesian path executed.
2026-03-16 16:53:49,726 - [WSL_APP] - 2026-03-16 16:52:31,734 - INFO - Request for movement received : X=0.0, Y=0.0, Z=-0.12 (Relative=True, Cartesian=True, Execute=True)
2026-03-16 16:53:49,726 - [WSL_APP] - 2026-03-16 16:52:32,099 - INFO - Successful movement : Cartesian path executed.
2026-03-16 16:53:49,726 - [WSL_APP] - 2026-03-16 16:53:32,148 - INFO - Waiting for ROS 2 services...
2026-03-16 16:53:49,726 - [WSL_APP] - 2026-03-16 16:53:33,650 - INFO - All ROS 2 services are connected.
2026-03-16 16:53:51,799 - [WIN_APP] - Health: {'ok': True}
2026-03-16 16:53:51,801 - [WIN_APP] - Initialising robot
2026-03-16 16:53:53,887 - [WSL_APP] - 2026-03-16 16:53:54,126 - INFO - Initialization request (Model: vs060, Group: arm)
2026-03-16 16:53:53,996 - [WSL_APP] - 2026-03-16 16:53:54,224 - INFO - Initialization successful: Initialized with model=vs060, group=arm, vel_scale=0.2, accel_scale=0.2, plan_time=10, plan_attempts=20, replan=true,planner_id=RRTConnect, planning_frame=world, ee_link=tool_link
2026-03-16 16:53:55,976 - [WSL_APP] - 2026-03-16 16:53:56,069 - INFO - Requesting IK solver info from C++ node...
2026-03-16 16:53:55,976 - [WSL_APP] - 2026-03-16 16:53:56,075 - INFO - Current IK solver plugin: pick_ik/PickIkPlugin (short name: pick_ik)
2026-03-16 16:53:58,018 - [WSL_APP] - 2026-03-16 16:53:58,055 - INFO - Scaling change request (Vel: 1.0, Acc: 1.0)
2026-03-16 16:53:58,018 - [WSL_APP] - 2026-03-16 16:53:58,060 - INFO - Scaling change successful: Scaling updated: velocity_scale=1, accel_scale=1. This will be used for all subsequent motions
2026-03-16 16:54:00,086 - [WSL_APP] - 2026-03-16 16:54:00,073 - INFO - Sending ADD for mesh box1 (Path: file:///mnt/c/Users/33648/Desktop/STAGE_ROS/card_storage/boitier.STL)...
2026-03-16 16:54:02,236 - [WSL_APP] - 2026-03-16 16:54:02,105 - INFO - Sending ADD for mesh box2 (Path: file:///mnt/c/Users/33648/Desktop/STAGE_ROS/card_storage/boitier.STL)...
2026-03-16 16:54:04,317 - [WSL_APP] - 2026-03-16 16:54:04,155 - INFO - Virtual cage modification request (Enable=True)
2026-03-16 16:54:04,317 - [WSL_APP] - 2026-03-16 16:54:04,161 - INFO - Virtual cage modification successful: Virtual cage successfully activated
2026-03-16 16:54:08,327 - [WSL_APP] - 2026-03-16 16:54:08,103 - INFO - Joint movement request: [0.0, 0.0, 1.57, 0.0, 1.57, 0.0] (Relative=False, Execute=True)
2026-03-16 16:54:08,434 - [WIN_APP] - Testing plate : 1
2026-03-16 16:54:08,437 - [WSL_APP] - 2026-03-16 16:54:08,242 - INFO - Joint movement successful: Joint trajectory executed successfully (took 0.077936 seconds).
2026-03-16 16:54:10,506 - [WSL_APP] - 2026-03-16 16:54:10,242 - INFO - Sending ADD for box DESKO GmbH SmartCard Reader 0_Antenna top (Glass): center to C++ node...
2026-03-16 16:54:12,579 - [WSL_APP] - 2026-03-16 16:54:12,243 - INFO - Sending ADD for box DESKO GmbH SmartCard Reader 0_Antenna front (PVC): center to C++ node...
2026-03-16 16:54:14,549 - [WIN_APP] - Testing reader: DESKO GmbH SmartCard Reader 0
2026-03-16 16:54:14,551 - [WIN_APP] - Robot is going to take card: 0
2026-03-16 16:54:14,647 - [WSL_APP] - 2026-03-16 16:54:14,237 - INFO - Sending ADD for box ACS ACR1251 1S CL Reader PICC 0_Center to C++ node...
2026-03-16 16:54:16,621 - [WSL_APP] - 2026-03-16 16:54:16,233 - INFO - Request for movement received : X=0.2581, Y=0.136, Z=0.305 (Relative=False, Cartesian=True, Execute=True)
2026-03-16 16:54:18,273 - [WSL_APP] - 2026-03-16 16:54:18,758 - INFO - Successful movement : Cartesian path executed.
2026-03-16 16:54:20,256 - [WSL_APP] - 2026-03-16 16:54:20,782 - INFO - Request for movement received : X=0.0, Y=0.0, Z=-0.3 (Relative=True, Cartesian=True, Execute=True)
2026-03-16 16:54:22,106 - [WSL_APP] - 2026-03-16 16:54:22,555 - INFO - Successful movement : Cartesian path executed.
2026-03-16 16:54:24,086 - [WSL_APP] - 2026-03-16 16:54:24,576 - INFO - Request for movement received : X=0.0, Y=0.0, Z=0.3 (Relative=True, Cartesian=True, Execute=True)
2026-03-16 16:54:25,518 - [WIN_APP] - Testing card 0 on position: Antenna top (Glass): center of reader: DESKO GmbH SmartCard Reader 0
2026-03-16 16:54:25,518 - [WSL_APP] - 2026-03-16 16:54:25,916 - INFO - Successful movement : Cartesian path executed.
2026-03-16 16:54:27,606 - [WSL_APP] - 2026-03-16 16:54:27,758 - INFO - Calculating approach pose: target=(0.488, 0.086, 0.121), z_offset=0.12m
2026-03-16 16:54:27,606 - [WSL_APP] - 2026-03-16 16:54:27,759 - INFO - Approach position computed: x=0.488, y=0.086, z=0.241
2026-03-16 16:54:27,606 - [WSL_APP] - 2026-03-16 16:54:27,759 - INFO - Sending approach request to ROS C++ node...
2026-03-16 16:54:29,368 - [WSL_APP] - 2026-03-16 16:54:29,351 - INFO - Approach movement successful: Cartesian path executed.
2026-03-16 16:54:31,340 - [WSL_APP] - 2026-03-16 16:54:31,345 - INFO - Request for movement received : X=0.0, Y=0.0, Z=0.12 (Relative=True, Cartesian=True, Execute=True)
2026-03-16 16:54:32,558 - [WSL_APP] - 2026-03-16 16:54:32,497 - INFO - Successful movement : Cartesian path executed.
2026-03-16 16:54:34,548 - [WSL_APP] - 2026-03-16 16:54:34,483 - INFO - Request for movement received : X=0.0, Y=0.0, Z=-0.12 (Relative=True, Cartesian=True, Execute=True)
2026-03-16 16:54:35,735 - [WIN_APP] - Testing card 0 on position: Antenna front (PVC): center of reader: DESKO GmbH SmartCard Reader 0
2026-03-16 16:54:35,766 - [WSL_APP] - 2026-03-16 16:54:35,676 - INFO - Successful movement : Cartesian path executed.
2026-03-16 16:54:37,856 - [WSL_APP] - 2026-03-16 16:54:37,677 - INFO - Calculating approach pose: target=(0.435, 0.044, 0.086), z_offset=0.12m
2026-03-16 16:54:37,856 - [WSL_APP] - 2026-03-16 16:54:37,677 - INFO - Approach position computed: x=0.363, y=-0.015, z=0.161
2026-03-16 16:54:37,856 - [WSL_APP] - 2026-03-16 16:54:37,677 - INFO - Sending approach request to ROS C++ node...
2026-03-16 16:54:39,617 - [WSL_APP] - 2026-03-16 16:54:39,410 - INFO - Approach movement successful: Cartesian path executed.
2026-03-16 16:54:41,706 - [WSL_APP] - 2026-03-16 16:54:41,410 - INFO - Request for movement received : X=0.0, Y=0.0, Z=0.12 (Relative=True, Cartesian=True, Execute=True)
2026-03-16 16:54:42,587 - [WSL_APP] - 2026-03-16 16:54:42,312 - INFO - Successful movement : Cartesian path executed.
2026-03-16 16:54:44,677 - [WSL_APP] - 2026-03-16 16:54:44,321 - INFO - Request for movement received : X=0.0, Y=0.0, Z=-0.12 (Relative=True, Cartesian=True, Execute=True)
2026-03-16 16:54:45,383 - [WIN_APP] - Robot is going to release card: 0
2026-03-16 16:54:45,446 - [WSL_APP] - 2026-03-16 16:54:45,120 - INFO - Successful movement : Cartesian path executed.
2026-03-16 16:54:47,426 - [WSL_APP] - 2026-03-16 16:54:47,120 - INFO - Request for movement received : X=0.2618, Y=-0.1192, Z=0.305 (Relative=False, Cartesian=True, Execute=True)
2026-03-16 16:54:49,407 - [WSL_APP] - 2026-03-16 16:54:49,061 - INFO - Successful movement : Cartesian path executed.
2026-03-16 16:54:51,496 - [WSL_APP] - 2026-03-16 16:54:51,984 - INFO - Request for movement received : X=0.0, Y=0.0, Z=-0.3 (Relative=True, Cartesian=True, Execute=True)
2026-03-16 16:54:53,256 - [WSL_APP] - 2026-03-16 16:54:53,703 - INFO - Successful movement : Cartesian path executed.
2026-03-16 16:54:55,216 - [WSL_APP] - 2026-03-16 16:54:55,718 - INFO - Request for movement received : X=0.0, Y=0.0, Z=0.3 (Relative=True, Cartesian=True, Execute=True)
2026-03-16 16:54:56,628 - [WIN_APP] - Robot is going to take card: 1
2026-03-16 16:54:56,649 - [WSL_APP] - 2026-03-16 16:54:57,137 - INFO - Successful movement : Cartesian path executed.
2026-03-16 16:54:58,717 - [WSL_APP] - 2026-03-16 16:54:59,060 - INFO - Request for movement received : X=0.2581, Y=0.136, Z=0.305 (Relative=False, Cartesian=True, Execute=True)
2026-03-16 16:55:00,014 - [WSL_APP] - 2026-03-16 16:55:00,210 - INFO - Successful movement : Cartesian path executed.
2026-03-16 16:55:01,996 - [WSL_APP] - 2026-03-16 16:55:02,072 - INFO - Request for movement received : X=0.0, Y=0.0, Z=-0.3 (Relative=True, Cartesian=True, Execute=True)
2026-03-16 16:55:03,961 - [WSL_APP] - 2026-03-16 16:55:03,931 - INFO - Successful movement : Cartesian path executed.
2026-03-16 16:55:06,020 - [WSL_APP] - 2026-03-16 16:55:05,929 - INFO - Request for movement received : X=0.0, Y=0.0, Z=0.3 (Relative=True, Cartesian=True, Execute=True)
2026-03-16 16:55:07,312 - [WIN_APP] - Testing card 1 on position: Antenna top (Glass): center of reader: DESKO GmbH SmartCard Reader 0
2026-03-16 16:55:07,350 - [WSL_APP] - 2026-03-16 16:55:07,283 - INFO - Successful movement : Cartesian path executed.
2026-03-16 16:55:09,438 - [WSL_APP] - 2026-03-16 16:55:09,264 - INFO - Calculating approach pose: target=(0.488, 0.086, 0.121), z_offset=0.12m
2026-03-16 16:55:09,438 - [WSL_APP] - 2026-03-16 16:55:09,264 - INFO - Approach position computed: x=0.488, y=0.086, z=0.241
2026-03-16 16:55:09,438 - [WSL_APP] - 2026-03-16 16:55:09,264 - INFO - Sending approach request to ROS C++ node...
2026-03-16 16:55:10,947 - [WSL_APP] - 2026-03-16 16:55:10,810 - INFO - Approach movement successful: Cartesian path executed.
2026-03-16 16:55:13,025 - [WSL_APP] - 2026-03-16 16:55:12,809 - INFO - Request for movement received : X=0.0, Y=0.0, Z=0.12 (Relative=True, Cartesian=True, Execute=True)
2026-03-16 16:55:14,096 - [WSL_APP] - 2026-03-16 16:55:13,904 - INFO - Successful movement : Cartesian path executed.
2026-03-16 16:55:16,155 - [WSL_APP] - 2026-03-16 16:55:15,898 - INFO - Request for movement received : X=0.0, Y=0.0, Z=-0.12 (Relative=True, Cartesian=True, Execute=True)
2026-03-16 16:55:17,138 - [WIN_APP] - Testing card 1 on position: Antenna front (PVC): center of reader: DESKO GmbH SmartCard Reader 0
2026-03-16 16:55:17,237 - [WSL_APP] - 2026-03-16 16:55:16,897 - INFO - Successful movement : Cartesian path executed.
2026-03-16 16:55:19,195 - [WSL_APP] - 2026-03-16 16:55:18,891 - INFO - Calculating approach pose: target=(0.435, 0.044, 0.086), z_offset=0.12m
2026-03-16 16:55:19,196 - [WSL_APP] - 2026-03-16 16:55:18,891 - INFO - Approach position computed: x=0.363, y=-0.015, z=0.161
2026-03-16 16:55:19,196 - [WSL_APP] - 2026-03-16 16:55:18,891 - INFO - Sending approach request to ROS C++ node...
2026-03-16 16:55:21,056 - [WSL_APP] - 2026-03-16 16:55:20,739 - INFO - Approach movement successful: Cartesian path executed.
2026-03-16 16:55:23,127 - [WSL_APP] - 2026-03-16 16:55:22,745 - INFO - Request for movement received : X=0.0, Y=0.0, Z=0.12 (Relative=True, Cartesian=True, Execute=True)
2026-03-16 16:55:23,767 - [WSL_APP] - 2026-03-16 16:55:24,307 - INFO - Successful movement : Cartesian path executed.
2026-03-16 16:55:25,841 - [WSL_APP] - 2026-03-16 16:55:26,335 - INFO - Request for movement received : X=0.0, Y=0.0, Z=-0.12 (Relative=True, Cartesian=True, Execute=True)
2026-03-16 16:55:26,650 - [WIN_APP] - Robot don't release the card to gain time
2026-03-16 16:55:26,650 - [WIN_APP] - Testing reader: ACS ACR1251 1S CL Reader PICC 0
2026-03-16 16:55:26,650 - [WIN_APP] - Testing card 0 on position: Center of reader: ACS ACR1251 1S CL Reader PICC 0
2026-03-16 16:55:26,727 - [WSL_APP] - 2026-03-16 16:55:27,195 - INFO - Successful movement : Cartesian path executed.
2026-03-16 16:55:28,793 - [WSL_APP] - 2026-03-16 16:55:29,244 - INFO - Calculating approach pose: target=(0.509, -0.155, 0.057), z_offset=0.12m
2026-03-16 16:55:28,794 - [WSL_APP] - 2026-03-16 16:55:29,244 - INFO - Approach position computed: x=0.509, y=-0.155, z=0.177
2026-03-16 16:55:28,794 - [WSL_APP] - 2026-03-16 16:55:29,244 - INFO - Sending approach request to ROS C++ node...
2026-03-16 16:55:30,908 - [WSL_APP] - 2026-03-16 16:55:31,376 - INFO - Approach movement successful: Cartesian path executed.
2026-03-16 16:55:32,956 - [WSL_APP] - 2026-03-16 16:55:33,220 - INFO - Request for movement received : X=0.0, Y=0.0, Z=0.12 (Relative=True, Cartesian=True, Execute=True)
2026-03-16 16:55:34,076 - [WSL_APP] - 2026-03-16 16:55:34,145 - INFO - Successful movement : Cartesian path executed.
2026-03-16 16:55:36,155 - [WSL_APP] - 2026-03-16 16:55:36,089 - INFO - Request for movement received : X=0.0, Y=0.0, Z=-0.12 (Relative=True, Cartesian=True, Execute=True)
2026-03-16 16:55:36,926 - [WIN_APP] - Robot is going to release card: 0
2026-03-16 16:55:37,037 - [WSL_APP] - 2026-03-16 16:55:36,942 - INFO - Successful movement : Cartesian path executed.
2026-03-16 16:55:39,000 - [WSL_APP] - 2026-03-16 16:55:38,926 - INFO - Request for movement received : X=0.2581, Y=0.136, Z=0.305 (Relative=False, Cartesian=True, Execute=True)
2026-03-16 16:55:41,073 - [WSL_APP] - 2026-03-16 16:55:40,971 - INFO - Successful movement : Cartesian path executed.
2026-03-16 16:55:43,140 - [WSL_APP] - 2026-03-16 16:55:42,976 - INFO - Request for movement received : X=0.0, Y=0.0, Z=-0.3 (Relative=True, Cartesian=True, Execute=True)
2026-03-16 16:55:44,997 - [WSL_APP] - 2026-03-16 16:55:44,774 - INFO - Successful movement : Cartesian path executed.
2026-03-16 16:55:46,964 - [WSL_APP] - 2026-03-16 16:55:46,768 - INFO - Request for movement received : X=0.0, Y=0.0, Z=0.3 (Relative=True, Cartesian=True, Execute=True)
2026-03-16 16:55:48,326 - [WIN_APP] - Robot is going to take card: 1
2026-03-16 16:55:48,396 - [WSL_APP] - 2026-03-16 16:55:48,122 - INFO - Successful movement : Cartesian path executed.
2026-03-16 16:55:50,374 - [WSL_APP] - 2026-03-16 16:55:50,118 - INFO - Request for movement received : X=0.2618, Y=-0.1192, Z=0.305 (Relative=False, Cartesian=True, Execute=True)
2026-03-16 16:55:51,568 - [WSL_APP] - 2026-03-16 16:55:51,269 - INFO - Successful movement : Cartesian path executed.
2026-03-16 16:55:53,639 - [WSL_APP] - 2026-03-16 16:55:53,278 - INFO - Request for movement received : X=0.0, Y=0.0, Z=-0.3 (Relative=True, Cartesian=True, Execute=True)
2026-03-16 16:55:55,506 - [WSL_APP] - 2026-03-16 16:55:55,133 - INFO - Successful movement : Cartesian path executed.
2026-03-16 16:55:57,566 - [WSL_APP] - 2026-03-16 16:55:58,059 - INFO - Request for movement received : X=0.0, Y=0.0, Z=0.3 (Relative=True, Cartesian=True, Execute=True)
2026-03-16 16:55:58,828 - [WIN_APP] - Testing card 1 on position: Center of reader: ACS ACR1251 1S CL Reader PICC 0
2026-03-16 16:55:58,872 - [WSL_APP] - 2026-03-16 16:55:59,386 - INFO - Successful movement : Cartesian path executed.
2026-03-16 16:56:00,954 - [WSL_APP] - 2026-03-16 16:56:01,423 - INFO - Calculating approach pose: target=(0.509, -0.155, 0.057), z_offset=0.12m
2026-03-16 16:56:00,954 - [WSL_APP] - 2026-03-16 16:56:01,424 - INFO - Approach position computed: x=0.509, y=-0.155, z=0.177
2026-03-16 16:56:00,956 - [WSL_APP] - 2026-03-16 16:56:01,424 - INFO - Sending approach request to ROS C++ node...
2026-03-16 16:56:02,457 - [WSL_APP] - 2026-03-16 16:56:02,933 - INFO - Approach movement successful: Cartesian path executed.
2026-03-16 16:56:04,527 - [WSL_APP] - 2026-03-16 16:56:04,916 - INFO - Request for movement received : X=0.0, Y=0.0, Z=0.12 (Relative=True, Cartesian=True, Execute=True)
2026-03-16 16:56:05,516 - [WSL_APP] - 2026-03-16 16:56:05,890 - INFO - Successful movement : Cartesian path executed.
2026-03-16 16:56:07,500 - [WSL_APP] - 2026-03-16 16:56:07,852 - INFO - Request for movement received : X=0.0, Y=0.0, Z=-0.12 (Relative=True, Cartesian=True, Execute=True)
2026-03-16 16:56:08,409 - [WIN_APP] - Robot is going to release card: 1
2026-03-16 16:56:08,489 - [WSL_APP] - 2026-03-16 16:56:08,731 - INFO - Successful movement : Cartesian path executed.
2026-03-16 16:56:10,448 - [WSL_APP] - 2026-03-16 16:56:10,682 - INFO - Request for movement received : X=0.2581, Y=0.136, Z=0.305 (Relative=False, Cartesian=True, Execute=True)
2026-03-16 16:56:12,551 - [WSL_APP] - 2026-03-16 16:56:12,656 - INFO - Successful movement : Cartesian path executed.
2026-03-16 16:56:14,671 - [WSL_APP] - 2026-03-16 16:56:14,549 - INFO - Request for movement received : X=0.0, Y=0.0, Z=-0.3 (Relative=True, Cartesian=True, Execute=True)
2026-03-16 16:56:16,638 - [WSL_APP] - 2026-03-16 16:56:16,427 - INFO - Successful movement : Cartesian path executed.
2026-03-16 16:56:18,628 - [WSL_APP] - 2026-03-16 16:56:18,426 - INFO - Request for movement received : X=0.0, Y=0.0, Z=0.3 (Relative=True, Cartesian=True, Execute=True)
2026-03-16 16:56:20,006 - [WIN_APP] - Going home
2026-03-16 16:56:20,067 - [WSL_APP] - 2026-03-16 16:56:19,796 - INFO - Successful movement : Cartesian path executed.
2026-03-16 16:56:22,146 - [WSL_APP] - 2026-03-16 16:56:21,808 - INFO - Joint movement request: [0.0, 0.0, 1.57, 0.0, 1.57, 0.0] (Relative=False, Execute=True)
2026-03-16 16:56:23,140 - [WSL_APP] - 2026-03-16 16:56:22,827 - INFO - Joint movement successful: Joint trajectory executed successfully (took 0.069951 seconds).
2026-03-16 16:56:25,121 - [WSL_APP] - 2026-03-16 16:56:24,847 - INFO - Sending REMOVE for box DESKO GmbH SmartCard Reader 0_Antenna top (Glass): center to C++ node...
2026-03-16 16:56:27,200 - [WSL_APP] - 2026-03-16 16:56:26,856 - INFO - Sending REMOVE for box DESKO GmbH SmartCard Reader 0_Antenna front (PVC): center to C++ node...
2026-03-16 16:56:29,188 - [WIN_APP] - Testing plate : 3
2026-03-16 16:56:29,250 - [WSL_APP] - 2026-03-16 16:56:28,891 - INFO - Sending REMOVE for box ACS ACR1251 1S CL Reader PICC 0_Center to C++ node...
2026-03-16 16:56:31,316 - [WSL_APP] - 2026-03-16 16:56:31,789 - INFO - Sending ADD for box HID Global OMNIKEY 5122CL Dual 0_Antenna Glass: center to C++ node...
2026-03-16 16:56:33,286 - [WSL_APP] - 2026-03-16 16:56:33,813 - INFO - Sending ADD for box HID Global OMNIKEY 5122CL Dual 0_Antenna PVC: center to C++ node...
2026-03-16 16:56:35,305 - [WIN_APP] - Testing reader: HID Global OMNIKEY 5122CL Dual 0
2026-03-16 16:56:35,305 - [WIN_APP] - Robot is going to take card: 0
2026-03-16 16:56:35,350 - [WSL_APP] - 2026-03-16 16:56:35,820 - INFO - Sending ADD for box ELYCTIS CL reader 324068070000 0_center to C++ node...
2026-03-16 16:56:37,440 - [WSL_APP] - 2026-03-16 16:56:37,730 - INFO - Request for movement received : X=0.2581, Y=0.136, Z=0.305 (Relative=False, Cartesian=True, Execute=True)
2026-03-16 16:56:39,825 - [WSL_APP] - 2026-03-16 16:56:39,972 - INFO - Successful movement : Cartesian path executed.
2026-03-16 16:56:41,884 - [WSL_APP] - 2026-03-16 16:56:41,953 - INFO - Request for movement received : X=0.0, Y=0.0, Z=-0.3 (Relative=True, Cartesian=True, Execute=True)
2026-03-16 16:56:43,834 - [WSL_APP] - 2026-03-16 16:56:43,805 - INFO - Successful movement : Cartesian path executed.
2026-03-16 16:56:45,891 - [WSL_APP] - 2026-03-16 16:56:45,795 - INFO - Request for movement received : X=0.0, Y=0.0, Z=0.3 (Relative=True, Cartesian=True, Execute=True)
2026-03-16 16:56:47,085 - [WIN_APP] - Testing card 0 on position: Antenna Glass: center of reader: HID Global OMNIKEY 5122CL Dual 0
2026-03-16 16:56:47,134 - [WSL_APP] - 2026-03-16 16:56:47,047 - INFO - Successful movement : Cartesian path executed.
2026-03-16 16:56:49,273 - [WSL_APP] - 2026-03-16 16:56:49,058 - INFO - Calculating approach pose: target=(0.518, 0.131, 0.078), z_offset=0.12m
2026-03-16 16:56:49,273 - [WSL_APP] - 2026-03-16 16:56:49,058 - INFO - Approach position computed: x=0.518, y=0.131, z=0.198
2026-03-16 16:56:49,274 - [WSL_APP] - 2026-03-16 16:56:49,058 - INFO - Sending approach request to ROS C++ node...
2026-03-16 16:56:51,791 - [WSL_APP] - 2026-03-16 16:56:51,520 - INFO - Approach movement successful: Cartesian path executed.
2026-03-16 16:56:53,805 - [WSL_APP] - 2026-03-16 16:56:53,530 - INFO - Request for movement received : X=0.0, Y=0.0, Z=0.12 (Relative=True, Cartesian=True, Execute=True)
2026-03-16 16:56:54,790 - [WSL_APP] - 2026-03-16 16:56:54,518 - INFO - Successful movement : Cartesian path executed.
2026-03-16 16:56:56,916 - [WSL_APP] - 2026-03-16 16:56:56,508 - INFO - Request for movement received : X=0.0, Y=0.0, Z=-0.12 (Relative=True, Cartesian=True, Execute=True)
2026-03-16 16:56:57,931 - [WIN_APP] - Testing card 0 on position: Antenna PVC: center of reader: HID Global OMNIKEY 5122CL Dual 0
2026-03-16 16:56:58,008 - [WSL_APP] - 2026-03-16 16:56:57,598 - INFO - Successful movement : Cartesian path executed.
2026-03-16 16:57:00,068 - [WSL_APP] - 2026-03-16 16:56:59,593 - INFO - Calculating approach pose: target=(0.437, 0.132, 0.078), z_offset=0.12m
2026-03-16 16:57:00,068 - [WSL_APP] - 2026-03-16 16:56:59,593 - INFO - Approach position computed: x=0.437, y=0.132, z=0.198
2026-03-16 16:57:00,068 - [WSL_APP] - 2026-03-16 16:56:59,594 - INFO - Sending approach request to ROS C++ node...
2026-03-16 16:57:00,734 - [WSL_APP] - 2026-03-16 16:57:00,241 - INFO - Approach movement successful: Cartesian path executed.
2026-03-16 16:57:02,717 - [WSL_APP] - 2026-03-16 16:57:02,219 - INFO - Request for movement received : X=0.0, Y=0.0, Z=0.12 (Relative=True, Cartesian=True, Execute=True)
2026-03-16 16:57:03,388 - [WSL_APP] - 2026-03-16 16:57:03,847 - INFO - Successful movement : Cartesian path executed.
2026-03-16 16:57:05,356 - [WSL_APP] - 2026-03-16 16:57:05,846 - INFO - Request for movement received : X=0.0, Y=0.0, Z=-0.12 (Relative=True, Cartesian=True, Execute=True)
2026-03-16 16:57:06,061 - [WIN_APP] - Robot is going to release card: 0
2026-03-16 16:57:06,154 - [WSL_APP] - 2026-03-16 16:57:06,540 - INFO - Successful movement : Cartesian path executed.
2026-03-16 16:57:08,167 - [WSL_APP] - 2026-03-16 16:57:08,531 - INFO - Request for movement received : X=0.2618, Y=-0.1192, Z=0.305 (Relative=False, Cartesian=True, Execute=True)
2026-03-16 16:57:10,205 - [WSL_APP] - 2026-03-16 16:57:10,561 - INFO - Successful movement : Cartesian path executed.
2026-03-16 16:57:12,285 - [WSL_APP] - 2026-03-16 16:57:12,549 - INFO - Request for movement received : X=0.0, Y=0.0, Z=-0.3 (Relative=True, Cartesian=True, Execute=True)
2026-03-16 16:57:13,926 - [WSL_APP] - 2026-03-16 16:57:14,197 - INFO - Successful movement : Cartesian path executed.
2026-03-16 16:57:16,055 - [WSL_APP] - 2026-03-16 16:57:16,214 - INFO - Request for movement received : X=0.0, Y=0.0, Z=0.3 (Relative=True, Cartesian=True, Execute=True)
2026-03-16 16:57:17,419 - [WSL_APP] - 2026-03-16 16:57:17,605 - INFO - Successful movement : Cartesian path executed.
2026-03-16 16:57:17,420 - [WIN_APP] - Robot is going to take card: 1
2026-03-16 16:57:19,540 - [WSL_APP] - 2026-03-16 16:57:19,605 - INFO - Request for movement received : X=0.2581, Y=0.136, Z=0.305 (Relative=False, Cartesian=True, Execute=True)
2026-03-16 16:57:20,674 - [WSL_APP] - 2026-03-16 16:57:20,752 - INFO - Successful movement : Cartesian path executed.
2026-03-16 16:57:22,766 - [WSL_APP] - 2026-03-16 16:57:22,763 - INFO - Request for movement received : X=0.0, Y=0.0, Z=-0.3 (Relative=True, Cartesian=True, Execute=True)
2026-03-16 16:57:24,727 - [WSL_APP] - 2026-03-16 16:57:24,622 - INFO - Successful movement : Cartesian path executed.
2026-03-16 16:57:26,694 - [WSL_APP] - 2026-03-16 16:57:26,597 - INFO - Request for movement received : X=0.0, Y=0.0, Z=0.3 (Relative=True, Cartesian=True, Execute=True)
2026-03-16 16:57:28,045 - [WIN_APP] - Testing card 1 on position: Antenna Glass: center of reader: HID Global OMNIKEY 5122CL Dual 0
2026-03-16 16:57:28,115 - [WSL_APP] - 2026-03-16 16:57:27,937 - INFO - Successful movement : Cartesian path executed.
2026-03-16 16:57:30,168 - [WSL_APP] - 2026-03-16 16:57:29,913 - INFO - Calculating approach pose: target=(0.518, 0.131, 0.078), z_offset=0.12m
2026-03-16 16:57:30,169 - [WSL_APP] - 2026-03-16 16:57:29,914 - INFO - Approach position computed: x=0.518, y=0.131, z=0.198
2026-03-16 16:57:30,169 - [WSL_APP] - 2026-03-16 16:57:29,914 - INFO - Sending approach request to ROS C++ node...
2026-03-16 16:57:32,463 - [WSL_APP] - 2026-03-16 16:57:32,239 - INFO - Approach movement successful: Cartesian path executed.
2026-03-16 16:57:34,506 - [WSL_APP] - 2026-03-16 16:57:34,209 - INFO - Request for movement received : X=0.0, Y=0.0, Z=0.12 (Relative=True, Cartesian=True, Execute=True)
2026-03-16 16:57:35,576 - [WSL_APP] - 2026-03-16 16:57:35,198 - INFO - Successful movement : Cartesian path executed.
2026-03-16 16:57:37,535 - [WSL_APP] - 2026-03-16 16:57:38,058 - INFO - Request for movement received : X=0.0, Y=0.0, Z=-0.12 (Relative=True, Cartesian=True, Execute=True)
2026-03-16 16:57:38,544 - [WIN_APP] - Testing card 1 on position: Antenna PVC: center of reader: HID Global OMNIKEY 5122CL Dual 0
2026-03-16 16:57:38,626 - [WSL_APP] - 2026-03-16 16:57:39,045 - INFO - Successful movement : Cartesian path executed.
2026-03-16 16:57:40,589 - [WSL_APP] - 2026-03-16 16:57:41,028 - INFO - Calculating approach pose: target=(0.437, 0.132, 0.078), z_offset=0.12m
2026-03-16 16:57:40,589 - [WSL_APP] - 2026-03-16 16:57:41,028 - INFO - Approach position computed: x=0.437, y=0.132, z=0.198
2026-03-16 16:57:40,590 - [WSL_APP] - 2026-03-16 16:57:41,028 - INFO - Sending approach request to ROS C++ node...
2026-03-16 16:57:41,466 - [WSL_APP] - 2026-03-16 16:57:41,823 - INFO - Approach movement successful: Cartesian path executed.
2026-03-16 16:57:43,537 - [WSL_APP] - 2026-03-16 16:57:43,804 - INFO - Request for movement received : X=0.0, Y=0.0, Z=0.12 (Relative=True, Cartesian=True, Execute=True)
2026-03-16 16:57:44,357 - [WSL_APP] - 2026-03-16 16:57:44,645 - INFO - Successful movement : Cartesian path executed.
2026-03-16 16:57:46,426 - [WSL_APP] - 2026-03-16 16:57:46,626 - INFO - Request for movement received : X=0.0, Y=0.0, Z=-0.12 (Relative=True, Cartesian=True, Execute=True)
2026-03-16 16:57:47,146 - [WIN_APP] - Robot don't release the card to gain time
2026-03-16 16:57:47,146 - [WIN_APP] - Testing reader: ELYCTIS CL reader 324068070000 0
2026-03-16 16:57:47,147 - [WIN_APP] - Testing card 0 on position: center of reader: ELYCTIS CL reader 324068070000 0
2026-03-16 16:57:47,196 - [WSL_APP] - 2026-03-16 16:57:47,422 - INFO - Successful movement : Cartesian path executed.
2026-03-16 16:57:49,257 - [WSL_APP] - 2026-03-16 16:57:49,405 - INFO - Calculating approach pose: target=(0.472, -0.154, 0.038), z_offset=0.12m
2026-03-16 16:57:49,257 - [WSL_APP] - 2026-03-16 16:57:49,405 - INFO - Approach position computed: x=0.472, y=-0.154, z=0.158
2026-03-16 16:57:49,257 - [WSL_APP] - 2026-03-16 16:57:49,406 - INFO - Sending approach request to ROS C++ node...
2026-03-16 16:57:50,665 - [WSL_APP] - 2026-03-16 16:57:50,841 - INFO - Approach movement successful: Cartesian path executed.
2026-03-16 16:57:52,756 - [WSL_APP] - 2026-03-16 16:57:52,837 - INFO - Request for movement received : X=0.0, Y=0.0, Z=0.12 (Relative=True, Cartesian=True, Execute=True)
2026-03-16 16:57:53,523 - [WSL_APP] - 2026-03-16 16:57:53,629 - INFO - Successful movement : Cartesian path executed.
2026-03-16 16:57:55,616 - [WSL_APP] - 2026-03-16 16:57:55,613 - INFO - Request for movement received : X=0.0, Y=0.0, Z=-0.12 (Relative=True, Cartesian=True, Execute=True)
2026-03-16 16:57:56,332 - [WIN_APP] - Robot is going to release card: 0
2026-03-16 16:57:56,386 - [WSL_APP] - 2026-03-16 16:57:56,360 - INFO - Successful movement : Cartesian path executed.
2026-03-16 16:57:58,466 - [WSL_APP] - 2026-03-16 16:57:58,345 - INFO - Request for movement received : X=0.2581, Y=0.136, Z=0.305 (Relative=False, Cartesian=True, Execute=True)
2026-03-16 16:58:00,447 - [WSL_APP] - 2026-03-16 16:58:00,339 - INFO - Successful movement : Cartesian path executed.
2026-03-16 16:58:02,526 - [WSL_APP] - 2026-03-16 16:58:02,310 - INFO - Request for movement received : X=0.0, Y=0.0, Z=-0.3 (Relative=True, Cartesian=True, Execute=True)
2026-03-16 16:58:04,286 - [WSL_APP] - 2026-03-16 16:58:04,058 - INFO - Successful movement : Cartesian path executed.
2026-03-16 16:58:06,377 - [WSL_APP] - 2026-03-16 16:58:06,035 - INFO - Request for movement received : X=0.0, Y=0.0, Z=0.3 (Relative=True, Cartesian=True, Execute=True)
2026-03-16 16:58:06,790 - [WIN_APP] - Robot is going to take card: 1
2026-03-16 16:58:06,816 - [WSL_APP] - 2026-03-16 16:58:06,539 - ERROR - Failed movement ! Cause returned by MoveIt : Impossible Cartesian path (collision or singularity) Fraction: 0.000000
2026-03-16 16:58:08,886 - [WSL_APP] - 2026-03-16 16:58:08,545 - INFO - Request for movement received : X=0.2618, Y=-0.1192, Z=0.305 (Relative=False, Cartesian=True, Execute=True)
2026-03-16 16:58:09,436 - [WSL_APP] - 2026-03-16 16:58:09,050 - ERROR - Failed movement ! Cause returned by MoveIt : Impossible Cartesian path (collision or singularity) Fraction: 0.000000
2026-03-16 16:58:11,507 - [WSL_APP] - 2026-03-16 16:58:11,909 - INFO - Request for movement received : X=0.0, Y=0.0, Z=-0.3 (Relative=True, Cartesian=True, Execute=True)
2026-03-16 16:58:11,946 - [WSL_APP] - 2026-03-16 16:58:12,413 - ERROR - Failed movement ! Cause returned by MoveIt : Impossible Cartesian path (collision or singularity) Fraction: 0.000000
2026-03-16 16:58:14,023 - [WSL_APP] - 2026-03-16 16:58:14,385 - INFO - Request for movement received : X=0.0, Y=0.0, Z=0.3 (Relative=True, Cartesian=True, Execute=True)
2026-03-16 16:58:14,466 - [WIN_APP] - Testing card 1 on position: center of reader: ELYCTIS CL reader 324068070000 0
2026-03-16 16:58:14,556 - [WSL_APP] - 2026-03-16 16:58:14,890 - ERROR - Failed movement ! Cause returned by MoveIt : Impossible Cartesian path (collision or singularity) Fraction: 0.000000
2026-03-16 16:58:16,508 - [WSL_APP] - 2026-03-16 16:58:16,864 - INFO - Calculating approach pose: target=(0.472, -0.154, 0.038), z_offset=0.12m
2026-03-16 16:58:16,508 - [WSL_APP] - 2026-03-16 16:58:16,864 - INFO - Approach position computed: x=0.472, y=-0.154, z=0.158
2026-03-16 16:58:16,508 - [WSL_APP] - 2026-03-16 16:58:16,865 - INFO - Sending approach request to ROS C++ node...
2026-03-16 16:58:17,064 - [WSL_APP] - 2026-03-16 16:58:17,369 - ERROR - Approach movement failed: Impossible Cartesian path (collision or singularity) Fraction: 0.000000
2026-03-16 16:58:19,112 - [WSL_APP] - 2026-03-16 16:58:19,350 - INFO - Request for movement received : X=0.0, Y=0.0, Z=0.12 (Relative=True, Cartesian=True, Execute=True)
2026-03-16 16:58:19,651 - [WSL_APP] - 2026-03-16 16:58:19,855 - ERROR - Failed movement ! Cause returned by MoveIt : Impossible Cartesian path (collision or singularity) Fraction: 0.000000
2026-03-16 16:58:21,640 - [WSL_APP] - 2026-03-16 16:58:21,834 - INFO - Request for movement received : X=0.0, Y=0.0, Z=-0.12 (Relative=True, Cartesian=True, Execute=True)
2026-03-16 16:58:22,120 - [WIN_APP] - Robot is going to release card: 1
2026-03-16 16:58:22,189 - [WSL_APP] - 2026-03-16 16:58:22,345 - ERROR - Failed movement ! Cause returned by MoveIt : Impossible Cartesian path (collision or singularity) Fraction: 0.120000
2026-03-16 16:58:24,167 - [WSL_APP] - 2026-03-16 16:58:24,325 - INFO - Request for movement received : X=0.2581, Y=0.136, Z=0.305 (Relative=False, Cartesian=True, Execute=True)
2026-03-16 16:58:24,716 - [WSL_APP] - 2026-03-16 16:58:24,831 - ERROR - Failed movement ! Cause returned by MoveIt : Impossible Cartesian path (collision or singularity) Fraction: 0.016949
2026-03-16 16:58:26,706 - [WSL_APP] - 2026-03-16 16:58:26,804 - INFO - Request for movement received : X=0.0, Y=0.0, Z=-0.3 (Relative=True, Cartesian=True, Execute=True)
2026-03-16 16:58:27,258 - [WSL_APP] - 2026-03-16 16:58:27,311 - ERROR - Failed movement ! Cause returned by MoveIt : Impossible Cartesian path (collision or singularity) Fraction: 0.000000
2026-03-16 16:58:29,346 - [WSL_APP] - 2026-03-16 16:58:29,285 - INFO - Request for movement received : X=0.0, Y=0.0, Z=0.3 (Relative=True, Cartesian=True, Execute=True)
2026-03-16 16:58:29,774 - [WIN_APP] - Going home
2026-03-16 16:58:29,793 - [WSL_APP] - 2026-03-16 16:58:29,790 - ERROR - Failed movement ! Cause returned by MoveIt : Impossible Cartesian path (collision or singularity) Fraction: 0.000000
2026-03-16 16:58:31,886 - [WSL_APP] - 2026-03-16 16:58:31,755 - INFO - Joint movement request: [0.0, 0.0, 1.57, 0.0, 1.57, 0.0] (Relative=False, Execute=True)
2026-03-16 16:58:32,656 - [WSL_APP] - 2026-03-16 16:58:32,576 - ERROR - Joint movement failed: Failed to plan joint trajectory: INVALID_MOTION_PLAN: Trajectory contains errors (took 0.815705 seconds)
2026-03-16 16:58:34,746 - [WSL_APP] - 2026-03-16 16:58:34,595 - INFO - Sending REMOVE for box HID Global OMNIKEY 5122CL Dual 0_Antenna Glass: center to C++ node...
2026-03-16 16:58:36,828 - [WSL_APP] - 2026-03-16 16:58:36,590 - INFO - Sending REMOVE for box HID Global OMNIKEY 5122CL Dual 0_Antenna PVC: center to C++ node...
2026-03-16 16:58:38,906 - [WSL_APP] - 2026-03-16 16:58:38,576 - INFO - Sending REMOVE for box ELYCTIS CL reader 324068070000 0_center to C++ node...
2026-03-16 16:58:42,876 - [WSL_APP] - 2026-03-16 16:58:43,383 - INFO - Virtual cage modification request (Enable=False)
2026-03-16 16:58:42,876 - [WSL_APP] - 2026-03-16 16:58:43,389 - INFO - Virtual cage modification successful: Virtual cage removed
2026-03-16 16:58:44,856 - [WSL_APP] - 2026-03-16 16:58:45,350 - INFO - Sending REMOVE for mesh box1 (Path: )...
